# TLS secrets log file, generated by OpenSSL / Python
# TLS secrets log file, generated by OpenSSL / Python
# TLS secrets log file, generated by OpenSSL / Python
SERVER_HANDSHAKE_TRAFFIC_SECRET ea6892bb5a039b7b2182aa4e94f7ff6b06bd866a2c9569b4a76fff8996398e4c 3ae3b83a13e8b0acb78ed29172aa8a35b22598d0d5e1fee11819d093d24c7f7bdec35ed5b0ad28d3a2e62a9219add8ef
EXPORTER_SECRET ea6892bb5a039b7b2182aa4e94f7ff6b06bd866a2c9569b4a76fff8996398e4c 49ee54e49502fd027d16ee776834bd41203feda1b59bcbee9862850fc6c368a39165f6d8bb55f98232e54064ce1c6bd8
SERVER_TRAFFIC_SECRET_0 ea6892bb5a039b7b2182aa4e94f7ff6b06bd866a2c9569b4a76fff8996398e4c 97e7cbb467daad46702fd0473bddedbbd2e39ad3fc25644df093798a29ba771752213d30263a0f5f59ffa9b1a8de6051
CLIENT_HANDSHAKE_TRAFFIC_SECRET ea6892bb5a039b7b2182aa4e94f7ff6b06bd866a2c9569b4a76fff8996398e4c c89573134b721728b5109911188f35c227694196fa9a594862e18118875dfd191815ed53a0094c2aaf3468eaf6039bcb
CLIENT_TRAFFIC_SECRET_0 ea6892bb5a039b7b2182aa4e94f7ff6b06bd866a2c9569b4a76fff8996398e4c 4e00add95790efb7f23bf8c3caed11617aaa40f341cb90936daf79d845ed90f024f624bde297e9c05ebff86f51d9b55f
SERVER_HANDSHAKE_TRAFFIC_SECRET ceb6596d77c04537d3e99568deb9768c7bd972bc351255487814c38300f99983 3093210cb4598fa2e0e328ad45161c36795292577bbf9fde1b6a1c038f7102fa06341e23017f09d1e17b2966a3ac57ed
EXPORTER_SECRET ceb6596d77c04537d3e99568deb9768c7bd972bc351255487814c38300f99983 a1c5975657ee76af0cb4c223ddf24105574e421746288f13b03806314572c4e3b4c5d40103bc0fb1f3052cbd907b03fb
SERVER_TRAFFIC_SECRET_0 ceb6596d77c04537d3e99568deb9768c7bd972bc351255487814c38300f99983 abc752471dacc1856c90a0acfaad659f8659cd7dec1cd05c537daffe57827d281bb3572cfc42b8062b0c3fbde4ed1c57
CLIENT_HANDSHAKE_TRAFFIC_SECRET ceb6596d77c04537d3e99568deb9768c7bd972bc351255487814c38300f99983 774e61fff8c38a1b26489ed86f2c825bf55e1389f022d01722f460637222e646f72082198ab8bd3988ffebffb843ac83
CLIENT_TRAFFIC_SECRET_0 ceb6596d77c04537d3e99568deb9768c7bd972bc351255487814c38300f99983 d92c212221b443a950f00d36293a5ffda52a9c5670d225315d98f19f3d02f29a745dd4c8061862aeb028a911584496c3
SERVER_HANDSHAKE_TRAFFIC_SECRET 4b40b5c3d155aed8eca69a64be1a90fd955eed5ce55bbfa88667b6a5b3c8799e 2a547570d7f306a981d1b336c78d7d01f8bac5016b5dbc8d1017f7f16f11dbc4fe81a782c4098523101dbd0476ea830c
EXPORTER_SECRET 4b40b5c3d155aed8eca69a64be1a90fd955eed5ce55bbfa88667b6a5b3c8799e d7b9299e1a20055b8e93c95679e2cc0c825d0a6805dffbeb6d8b8a5d4cb1ffed9b33674840e337487fc74207eb1b659d
SERVER_TRAFFIC_SECRET_0 4b40b5c3d155aed8eca69a64be1a90fd955eed5ce55bbfa88667b6a5b3c8799e 07ab1fc8f6b106ce6474c9e4092d9f3ab82086d1fb7e52e3bc700609262b108bace42dd1035d1a10fde9c7d84b0df692
CLIENT_HANDSHAKE_TRAFFIC_SECRET 4b40b5c3d155aed8eca69a64be1a90fd955eed5ce55bbfa88667b6a5b3c8799e 6be60978dae012fc67f43beb52b1cfc78a4b46f2dfde256019af4325f93be86bfc4cc24ecb58df96abcc9ed5df73882b
CLIENT_TRAFFIC_SECRET_0 4b40b5c3d155aed8eca69a64be1a90fd955eed5ce55bbfa88667b6a5b3c8799e c508dd7aee0263d17bc1de8c3a30ed522d52880d139380a0788c3a6a434345dbdb098eb314039ed2355a97dc66632f31
SERVER_HANDSHAKE_TRAFFIC_SECRET e44cb1a996ff99eb44f81c35f4ca86544bd29f654c10d65498d82fe86117c7a2 38c17dd84713f406cb9d41ae69f258b7f38b560628ef3ef6f32cc5658554ff6c198b33d9e6f5b43410e1d668329f4b07
EXPORTER_SECRET e44cb1a996ff99eb44f81c35f4ca86544bd29f654c10d65498d82fe86117c7a2 bf207f9a502cdd492f3c78a0a9fe1d47aa9fa1194d81865be5a4739a4ed124dcca4802672bf29378a929891b20b38e1c
SERVER_TRAFFIC_SECRET_0 e44cb1a996ff99eb44f81c35f4ca86544bd29f654c10d65498d82fe86117c7a2 32ac0cb6871f4341db942cac5f63aa951ea3cca8e35b1db1854e449946e70be3a2b409de8dbd77ff617e118e216b0349
CLIENT_HANDSHAKE_TRAFFIC_SECRET e44cb1a996ff99eb44f81c35f4ca86544bd29f654c10d65498d82fe86117c7a2 5528193fc1105702bd98027cf82a5ecccf941705b86b0476e241e23ddaeb1002c5a14f29bca9cfd2d415945fe3cad2d2
CLIENT_TRAFFIC_SECRET_0 e44cb1a996ff99eb44f81c35f4ca86544bd29f654c10d65498d82fe86117c7a2 5df22f1a4a6485c987bcdf521830bf32e1c6941642ef83978bf87cf52e10def0d57a060a8e02e65e1eeb9b9875cc08fe
SERVER_HANDSHAKE_TRAFFIC_SECRET ec6771cccffafef3462ac5101560c3069ac0abc3f4081e50d2e67ba33cd142a8 7c030a4313f50033ea7c326e9aba34793800093b40e23091a9b3f02650f4a4b779b4f8d2e187a48262fbaf5cf9fa35cd
EXPORTER_SECRET ec6771cccffafef3462ac5101560c3069ac0abc3f4081e50d2e67ba33cd142a8 932230d9d7420b692328b8cfeabb832ae72fc133319ef2547206e85d2044746267351213ec252ceb7219aa58e7979c9d
SERVER_TRAFFIC_SECRET_0 ec6771cccffafef3462ac5101560c3069ac0abc3f4081e50d2e67ba33cd142a8 5dd18cd27c2320d5b61c4a2d35b4b976e47d3e3c65e55ff93207d66a5abf51c063123a15e36017f2f5d16236aede8f7f
CLIENT_HANDSHAKE_TRAFFIC_SECRET ec6771cccffafef3462ac5101560c3069ac0abc3f4081e50d2e67ba33cd142a8 284a9b7b98d7a84883b2bd513e221ed0b4ed3e9b93a6c414500dc1280eb4930e85c258963f9ef36e60828f16eba5f623
CLIENT_TRAFFIC_SECRET_0 ec6771cccffafef3462ac5101560c3069ac0abc3f4081e50d2e67ba33cd142a8 aa096accd1da56aef42f2dc90cb4cc14c0a20516d8620ac804f55987a476854f56de2f78c19a0526c678b4aa27fdd1f1
SERVER_HANDSHAKE_TRAFFIC_SECRET 86320fff486445a13397b0c1c093fb23876cdd06bdfcbb8bb64bcd9bd72326ea 35ae9efe33bfe2276b2b3a65515318a3049d34381b94ad45041c47dcd53fdabfa335df188e83a9854fd1c1581ea7d675
EXPORTER_SECRET 86320fff486445a13397b0c1c093fb23876cdd06bdfcbb8bb64bcd9bd72326ea 42e2356040a3b52d916b9c73f28358947a06eae3a058d40060223944bcbe104b7cc3cb96e44d4845cb889cb4a83a8b57
SERVER_TRAFFIC_SECRET_0 86320fff486445a13397b0c1c093fb23876cdd06bdfcbb8bb64bcd9bd72326ea 0b7f512d542758f218ecc66f78da18b2365262efafaa60bf2e9838c950e7141fc75baafbab71711d751e2dad90072f20
CLIENT_HANDSHAKE_TRAFFIC_SECRET 86320fff486445a13397b0c1c093fb23876cdd06bdfcbb8bb64bcd9bd72326ea 8732d561225dbfb08bbfaf3d9564e5604948a9aa7dd7dec7d701bbdd09d09adbada9a912362c9d4ef8a594e7a6e00038
CLIENT_TRAFFIC_SECRET_0 86320fff486445a13397b0c1c093fb23876cdd06bdfcbb8bb64bcd9bd72326ea 28f0b1309b873a4e40ab8056d722294f942f361f3050b7b9854c0ce03125a3664c77d1b3635f319812e5d8b35e0011bf
SERVER_HANDSHAKE_TRAFFIC_SECRET 4a3f05530f811c69a833b0720eba25c9bf2f72f280f34bcd4c96c205f653d0c9 9c0f118439957c1e00eca05ba915877a241ce2fd394fecc3d6e180f8d4777586a372567e29bfff292e0d3c71b04f5cc8
EXPORTER_SECRET 4a3f05530f811c69a833b0720eba25c9bf2f72f280f34bcd4c96c205f653d0c9 dbb0a9f5bfd154f5a3d6cee2f69e90b7d6fb79ca3c9ce2668f8526fdd14311022b5429a44c4732996d47b0c597516250
SERVER_TRAFFIC_SECRET_0 4a3f05530f811c69a833b0720eba25c9bf2f72f280f34bcd4c96c205f653d0c9 3b82b2d0fe18c9054681f9d49a63464ebc9f2e311d5f821e8d1d543d4d7ed80ab8988476e80a1c1736bb99e7f2964b04
CLIENT_HANDSHAKE_TRAFFIC_SECRET 4a3f05530f811c69a833b0720eba25c9bf2f72f280f34bcd4c96c205f653d0c9 816b7caf377b2be62c035ddb23b72cfe307ad15a191fae68ccbbd2a89ae5d262695057418cc80b986e319f0850eb7d16
CLIENT_TRAFFIC_SECRET_0 4a3f05530f811c69a833b0720eba25c9bf2f72f280f34bcd4c96c205f653d0c9 b6094554096513a4fb726665cb6aec62ee687846b1696b8a487216f98320f6b18d62ade57018a962aa023ae6f6ab76f4
